<html>
<body>
<pre>
<h1>礦ision Build Log</h1>
<h2>Tool Versions:</h2>
IDE-Version: μVision V5.14.0.0
Copyright (C) 2015 ARM Ltd and ARM Germany GmbH. All rights reserved.
License Information: Brave Microsoft, Microsoft, LIC=EPPBS-L4KTE-SEVH0-B3YZS-I7FGF-2URIH
 
Tool Versions:
Toolchain:       MDK-ARM Professional  Version: 5.14.0.0
Toolchain Path:  C:\Brave\MDK5\ARM\ARMCC\Bin
C Compiler:      Armcc.exe V5.05 update 1 (build 106)
Assembler:       Armasm.exe V5.05 update 1 (build 106)
Linker/Locator:  ArmLink.exe V5.05 update 1 (build 106)
Library Manager: ArmAr.exe V5.05 update 1 (build 106)
Hex Converter:   FromElf.exe V5.05 update 1 (build 106)
CPU DLL:         SARMCM3.DLL V5.14.0.0
Dialog DLL:      DARMSTM.DLL V1.65.0.0
Target DLL:      STLink\ST-LINKIII-KEIL_SWO.dll V2.0.14.0_KEIL
Dialog DLL:      TARMSTM.DLL V1.64.0.0
 
<h2>Project:</h2>
Z:\Macintosh HD\Users\Brave\Desktop\2，标准例程-库函数版本\实验12 OLED显示实验\USER\OLED.uvprojx
Project File Date:  05/09/2015

<h2>Output:</h2>
Build target 'OLED'
compiling main.c...
main.c(19): warning:  #550-D: variable "t" was set but never used
        u8 t;
main.c: 1 warning, 0 errors
linking...
Program Size: Code=6000 RO-data=6416 RW-data=1076 ZI-data=1836  
FromELF: creating hex file...
"..\OBJ\OLED.axf" - 0 Error(s), 1 Warning(s).

<h2>Collection of Component include folders:</h2>
  Z:\Macintosh HD\Users\Brave\Desktop\2，标准例程-库函数版本\实验12 OLED显示实验\USER\RTE
  C:\Brave\MDK5\ARM\PACK\Keil\STM32F1xx_DFP\1.0.5\Device\Include

<h2>Collection of Component Files used:</h2>
</pre>
</body>
</html>
